ok   auth-welcome                     top='raw' depth=1
ok   auth-welcome-language            top='raw' depth=1
ok   auth-welcome-terms               top='隐私政策（摘要）' depth=2
ok   auth-phone-register              top='-' depth=0
ok   auth-phone-back                  top='raw' depth=1
ok   auth-phone-existing              top='-' depth=0
ok   auth-country-picker              top='raw' depth=2
ok   auth-email-signin                top='-' depth=0
ok   auth-email-wrong-password        top='raw' depth=2
ok   auth-email-create                top='raw' depth=3
ok   auth-forgot                      top='raw' depth=4
ok   auth-provider-google             top='raw' depth=2
ok   auth-guest-gated                 top='登录后继续' depth=1
ok   auth-login-sheet-back            top='-' depth=0
ok   auth-switcher                    top='切换账号' depth=1
ok   auth-switcher-add                top='-' depth=0
ok   auth-switcher-signout            top='退出当前账号？' depth=2
ok   auth-demo-one-tap                top='-' depth=0
ok   catalog-home                     top='-' depth=0
ok   catalog-home-scrolled            top='-' depth=0
ok   catalog-home-load-more           top='-' depth=0
ok   catalog-all-categories           top='全部生活服务' depth=1
ok   catalog-category                 top='上门服务' depth=1
ok   catalog-category-sort            top='美食外送' depth=1
ok   catalog-category-search          top='上门服务' depth=1
ok   catalog-service-detail           top='服务详情' depth=2
ok   catalog-detail-scrolled          top='服务详情' depth=2
ok   catalog-detail-back              top='上门服务' depth=1
ok   catalog-save-toggle              top='服务详情' depth=1
ok   catalog-request-form             top='预约信息' depth=3
ok   catalog-request-validation       top='预约信息' depth=3
ok   catalog-confirm                  top='确认订单' depth=4
ok   catalog-confirm-back             top='预约信息' depth=3
ok   catalog-pay-wallet               top='支付成功' depth=3
ok   catalog-pay-tng                  top='支付成功' depth=3
ok   catalog-order-confirmed          top='订单详情' depth=3
ok   catalog-order-cancel             top='订单详情' depth=3
ok   catalog-order-review             top='服务详情' depth=2
ok   catalog-goods-cart               top='确认订单' depth=3
ok   catalog-goods-buy                top='确认订单' depth=3
ok   catalog-job-apply                top='申请已提交' depth=3
ok   catalog-post-request             top='需求已发布' depth=2
ok   catalog-search                   top='搜索' depth=1
ok   catalog-search-back              top='搜索' depth=1
ok   catalog-orders                   top='我的订单' depth=1
ok   catalog-order-detail             top='我的订单' depth=1
ok   catalog-social                   top='-' depth=0
ok   catalog-social-feed              top='-' depth=0
ok   catalog-social-filter            top='-' depth=0
ok   catalog-person                   top='个人主页' depth=1
ok   catalog-person-back              top='-' depth=0
ok   catalog-comments                 top='评论 · 3' depth=1
ok   catalog-live                     top='-' depth=0
ok   catalog-live-topic               top='-' depth=0
ok   catalog-comms                    top='-' depth=0
ok   catalog-comms-groups             top='-' depth=0
ok   catalog-comms-contacts           top='-' depth=0
ok   catalog-group-detail             top='群组详情' depth=1
ok   catalog-chat-search              top='搜索聊天' depth=1
ok   catalog-guest-book               top='登录后继续' depth=3
ok   catalog-deeplink                 top='服务详情' depth=1
ok   catalog-campaign                 top='你好，马来西亚' depth=1
ok   catalog-all-services             top='全部服务' depth=1
ok   catalog-saved                    top='心动收藏' depth=1
ok   catalog-stat-follows             top='我关注的人' depth=1
ok   catalog-coupon                   top='支付成功' depth=3
ok   catalog-topup                    top='确认订单' depth=3
ok   catalog-visa-enquiry             top='咨询已发送' depth=2
ok   catalog-reorder                  top='预约信息' depth=2
ok   catalog-group-join-leave         top='-' depth=0
ok   catalog-create-group             top='Test crew' depth=1
ok   catalog-block-person             top='-' depth=0
ok   catalog-guest-follow             top='登录后继续' depth=1
ok   catalog-live-private             top='-' depth=0
ok   catalog-picker-back              top='-' depth=0
ok   catalog-auth-back                top='确认订单' depth=4
ok   chat-friend                      top='小满 ManMan' depth=1
ok   chat-back                        top='-' depth=0
ok   chat-plus-panel                  top='小满 ManMan' depth=1
ok   chat-emoji-panel                 top='小满 ManMan' depth=1
ok   chat-send-reply                  top='小满 ManMan' depth=1
ok   chat-message-menu                top='消息' depth=2
ok   chat-quote-reply                 top='小满 ManMan' depth=1
ok   chat-recall                      top='小满 ManMan' depth=1
ok   chat-delete-undo                 top='小满 ManMan' depth=1
ok   chat-forward                     top='小满 ManMan' depth=1
ok   chat-search                      top='小满 ManMan' depth=1
ok   chat-voice-call                  top='小满 ManMan' depth=2
ok   chat-call-end                    top='小满 ManMan' depth=1
ok   chat-video-call                  top='小满 ManMan' depth=2
ok   chat-redpacket                   top='发红包' depth=2
ok   chat-redpacket-send              top='小满 ManMan' depth=1
ok   chat-redpacket-detail            top='转账详情' depth=2
ok   chat-money-back                  top='小满 ManMan' depth=1
ok   chat-group                       top='吉隆坡 · 周末一起玩' depth=1
ok   chat-group-redpacket             top='吉隆坡 · 周末一起玩' depth=1
ok   chat-location                    top='小满 ManMan' depth=1
ok   chat-card                        top='小满 ManMan' depth=1
ok   chat-image                       top='小满 ManMan' depth=1
ok   chat-file                        top='文件' depth=2
ok   chat-voice                       top='小满 ManMan' depth=1
ok   chat-support                     top='适中小助手' depth=1
ok   chat-merchant                    top='安心到家 Home Care' depth=1
ok   chat-unread-reply                top='-' depth=0
ok   chat-guest                       top='登录后继续' depth=2
ok   chat-expiry-refund               top='可晴 Kelsey' depth=1
ok   chat-clear                       top='阿哲 Alex' depth=1
ok   chat-legacy-media                top='文件' depth=2
ok   chat-hold-to-talk                top='小满 ManMan' depth=1
ok   chat-longpress                   top='小满 ManMan' depth=1
ok   flows-settings                   top='设置' depth=1
ok   flows-settings-scrolled          top='设置' depth=1
ok   flows-settings-back              top='-' depth=0
ok   flows-settings-guest             top='设置' depth=1
ok   flows-theme-dark                 top='设置' depth=1
ok   flows-password-demo              top='修改密码' depth=2
ok   flows-language                   top='语言与地区' depth=1
ok   flows-export                     top='导出我的数据' depth=1
ok   flows-block-unblock              top='屏蔽列表' depth=1
ok   flows-wallet                     top='我的钱包' depth=1
ok   flows-recharge                   top='我的钱包' depth=1
ok   flows-recharge-guest             top='登录后继续' depth=1
ok   flows-checkin                    top='每日签到' depth=1
ok   flows-checkin-reload             top='每日签到' depth=1
ok   flows-tasks                      top='任务中心' depth=1
ok   flows-coupons                    top='我的优惠券' depth=1
ok   flows-addresses                  top='常用地址' depth=1
ok   flows-address-delete-undo        top='常用地址' depth=1
ok   flows-form-dirty-guard           top='添加地址' depth=2
ok   flows-notifications              top='消息通知' depth=1
ok   flows-notice-push                top='-' depth=0
ok   flows-edit-profile               top='-' depth=0
ok   flows-compose                    top='-' depth=0
ok   flows-greet                      top='小满 ManMan' depth=1
ok   flows-friends                    top='新的朋友' depth=1
ok   flows-add-friend                 top='-' depth=0
ok   flows-invite                     top='邀请朋友' depth=1
ok   flows-merchant                   top='申请已提交' depth=1
ok   flows-feedback                   top='谢谢你的反馈' depth=1
ok   flows-after-sales                top='售后服务' depth=1
ok   flows-report                     top='举报已收到' depth=1
ok   flows-leave-group                top='-' depth=0
ok   flows-help                       top='帮助与反馈' depth=1
ok   flows-privacy                    top='隐私政策' depth=1
ok   flows-about                      top='关于适中' depth=1
ok   flows-licences                   top='开源许可与素材来源' depth=2
ok   flows-membership                 top='适中会员 PLUS' depth=1
ok   flows-clear-media-confirm        top='清理聊天附件？' depth=2
ok   flows-compose-photo              top='-' depth=0
ok   flows-avatar-upload              top='-' depth=0
ok   gifts-me-hero                    top='-' depth=0
ok   gifts-me-menu                    top='-' depth=0
ok   gifts-me-guest                   top='-' depth=0
ok   gifts-shop                       top='礼物商城' depth=1
ok   gifts-shop-oriental              top='礼物商城' depth=1
ok   gifts-shop-back                  top='-' depth=0
ok   gifts-detail                     top='礼物详情' depth=2
ok   gifts-detail-tryon               top='礼物详情' depth=1
ok   gifts-buy                        top='礼物详情' depth=1
ok   gifts-topup                      top='礼物详情' depth=1
ok   gifts-collection                 top='我的藏品' depth=1
ok   gifts-collection-purchases       top='我的藏品' depth=1
ok   gifts-studio                     top='装扮主页' depth=1
ok   gifts-studio-edit                top='装扮主页' depth=1
ok   gifts-studio-save                top='-' depth=0
ok   gifts-studio-discard             top='-' depth=0
ok   gifts-studio-upload              top='-' depth=0
ok   gifts-migrate-cover              top='-' depth=0
ok   gifts-studio-roundtrip           top='装扮主页' depth=1
ok   gifts-studio-charm-tryon         top='装扮主页' depth=1
ok   gifts-picker                     top='-' depth=0
ok   gifts-picker-back                top='送礼物' depth=1
ok   gifts-bubbles                    top='QA' depth=1
ok   gifts-wallpaper                  top='聊天背景' depth=1
ok   gifts-qr-card                    top='我的二维码' depth=1
ok   gifts-qr-image                   top='我的二维码' depth=1
ok   gifts-qr-public                  top='个人名片' depth=1
ok   gifts-friend-profile             top='个人主页' depth=1
ok   gifts-effect                     top='-' depth=0
ok   live-room                        top='-' depth=0
ok   live-gift-panel                  top='-' depth=0
FAIL live-room-back                   top='-' depth=0
      step 2 crashed: Runtime.evaluate: {'code': -32000, 'message': 'Inspected target navigated or closed'}
ok   live-start                       top='开启直播' depth=1
ok   private-lobby                    top='-' depth=0
ok   private-room                     top='-' depth=0
ok   regions-picker                   top='选择国家与城市' depth=1
ok   shell-home                       top='-' depth=0
ok   shell-home-scrolled              top='-' depth=0
ok   shell-social                     top='-' depth=0
ok   shell-live                       top='-' depth=0
ok   shell-comms                      top='-' depth=0
ok   shell-nav-switch                 top='-' depth=0
ok   shell-tabs-keyboard              top='-' depth=0
ok   shell-me                         top='-' depth=0
ok   shell-me-scrolled                top='-' depth=0
ok   shell-me-fallback-hero           top='-' depth=0
ok   shell-me-orders                  top='-' depth=0
ok   shell-me-settings-back           top='-' depth=0
ok   shell-me-language-row            top='-' depth=0
ok   shell-guest-me                   top='-' depth=0
ok   shell-guest-sign-in              top='登录后继续' depth=1
ok   shell-sheet-footer               top='-' depth=0
ok   shell-screen-stack               top='One' depth=1
ok   shell-desktop                    top='-' depth=0
ok   vip-center                       top='VIP 荣誉中心' depth=1

205 scenarios, 1 failing. Report: E:\python\shizhongapp\.qa\zh-CN-390\report.json
