ok   auth-welcome                     top='raw' depth=1
ok   auth-welcome-language            top='raw' depth=1
ok   auth-welcome-terms               top='隐私政策（摘要）' depth=2
ok   auth-phone-register              top='-' depth=0
ok   auth-phone-back                  top='raw' depth=1
ok   auth-phone-existing              top='-' depth=0
ok   auth-country-picker              top='raw' depth=2
ok   auth-email-signin                top='-' depth=0
ok   auth-email-wrong-password        top='raw' depth=2
ok   auth-email-create                top='raw' depth=3
ok   auth-forgot                      top='raw' depth=4
ok   auth-provider-google             top='raw' depth=2
ok   auth-guest-gated                 top='登录后继续' depth=1
ok   auth-login-sheet-back            top='-' depth=0
ok   auth-switcher                    top='切换账号' depth=1
ok   auth-switcher-add                top='-' depth=0
ok   auth-switcher-signout            top='退出当前账号？' depth=2
ok   auth-demo-one-tap                top='-' depth=0
ok   auth-switcher-from-me            top='-' depth=0
ok   auth-leave-detached              top='-' depth=0
ok   catalog-home                     top='-' depth=0
ok   catalog-home-scrolled            top='-' depth=0
ok   catalog-home-load-more           top='-' depth=0
ok   catalog-all-categories           top='全部生活服务' depth=1
ok   catalog-category                 top='上门服务' depth=1
ok   catalog-category-sort            top='美食外送' depth=1
ok   catalog-category-search          top='上门服务' depth=1
ok   catalog-service-detail           top='服务详情' depth=2
ok   catalog-detail-scrolled          top='服务详情' depth=2
ok   catalog-detail-back              top='上门服务' depth=1
ok   catalog-save-toggle              top='服务详情' depth=1
ok   catalog-request-form             top='预约信息' depth=3
ok   catalog-request-validation       top='预约信息' depth=3
ok   catalog-confirm                  top='确认订单' depth=4
ok   catalog-confirm-back             top='预约信息' depth=3
ok   catalog-pay-wallet               top='支付成功' depth=3
ok   catalog-pay-tng                  top='支付成功' depth=3
ok   catalog-order-confirmed          top='订单详情' depth=3
ok   catalog-order-cancel             top='订单详情' depth=3
ok   catalog-order-review             top='服务详情' depth=2
ok   catalog-goods-cart               top='确认订单' depth=3
ok   catalog-goods-buy                top='确认订单' depth=3
ok   catalog-job-apply                top='申请已提交' depth=3
ok   catalog-post-request             top='需求已发布' depth=2
ok   catalog-search                   top='搜索' depth=1
ok   catalog-search-back              top='搜索' depth=1
ok   catalog-orders                   top='我的订单' depth=1
ok   catalog-order-detail             top='我的订单' depth=1
ok   catalog-social                   top='-' depth=0
ok   catalog-social-feed              top='-' depth=0
ok   catalog-social-filter            top='-' depth=0
ok   catalog-person                   top='个人主页' depth=1
ok   catalog-person-back              top='-' depth=0
ok   catalog-comments                 top='评论 · 3' depth=1
ok   catalog-live                     top='-' depth=0
ok   catalog-live-topic               top='-' depth=0
ok   catalog-comms                    top='-' depth=0
ok   catalog-comms-groups             top='-' depth=0
ok   catalog-comms-contacts           top='-' depth=0
