ok   auth-welcome                     top='raw' depth=1
ok   auth-welcome-language            top='raw' depth=1
ok   auth-welcome-terms               top='Privacy Policy (summary)' depth=2
ok   auth-phone-register              top='-' depth=0
ok   auth-phone-back                  top='raw' depth=1
ok   auth-phone-existing              top='-' depth=0
ok   auth-country-picker              top='raw' depth=2
ok   auth-email-signin                top='-' depth=0
ok   auth-email-wrong-password        top='raw' depth=2
ok   auth-email-create                top='raw' depth=3
ok   auth-forgot                      top='raw' depth=4
ok   auth-provider-google             top='raw' depth=2
ok   auth-guest-gated                 top='Sign in to continue' depth=1
ok   auth-login-sheet-back            top='-' depth=0
ok   auth-switcher                    top='Switch account' depth=1
ok   auth-switcher-add                untranslated=6 top='-' depth=0
ok   auth-switcher-signout            top='Sign out?' depth=2
ok   auth-demo-one-tap                top='-' depth=0
ok   catalog-home                     top='-' depth=0
ok   catalog-home-scrolled            top='-' depth=0
ok   catalog-home-load-more           top='-' depth=0
ok   catalog-all-categories           top='All services' depth=1
ok   catalog-category                 top='Home services' depth=1
ok   catalog-category-sort            top='Food delivery' depth=1
ok   catalog-category-search          top='Home services' depth=1
ok   catalog-service-detail           top='Service details' depth=2
ok   catalog-detail-scrolled          top='Service details' depth=2
ok   catalog-detail-back              top='Home services' depth=1
ok   catalog-save-toggle              top='Service details' depth=1
ok   catalog-request-form             top='Booking details' depth=3
ok   catalog-request-validation       top='Booking details' depth=3
ok   catalog-confirm                  top='Review order' depth=4
ok   catalog-confirm-back             top='Booking details' depth=3
ok   catalog-pay-wallet               top='Payment successful' depth=3
ok   catalog-pay-tng                  top='Payment successful' depth=3
ok   catalog-order-confirmed          top='Order details' depth=3
ok   catalog-order-cancel             top='Order details' depth=3
ok   catalog-order-review             top='Service details' depth=2
ok   catalog-goods-cart               top='Review order' depth=3
ok   catalog-goods-buy                top='Review order' depth=3
ok   catalog-job-apply                top='Application sent' depth=3
ok   catalog-post-request             top='Request posted' depth=2
ok   catalog-search                   top='Search' depth=1
ok   catalog-search-back              top='Search' depth=1
ok   catalog-orders                   top='My orders' depth=1
ok   catalog-order-detail             top='My orders' depth=1
ok   catalog-social                   top='-' depth=0
ok   catalog-social-feed              top='-' depth=0
ok   catalog-social-filter            top='-' depth=0
ok   catalog-person                   top='Profile' depth=1
ok   catalog-person-back              top='-' depth=0
ok   catalog-comments                 top='3 comments' depth=1
ok   catalog-live                     top='-' depth=0
ok   catalog-live-topic               top='-' depth=0
ok   catalog-comms                    top='-' depth=0
ok   catalog-comms-groups             top='-' depth=0
ok   catalog-comms-contacts           top='-' depth=0
ok   catalog-group-detail             top='Group details' depth=1
ok   catalog-chat-search              top='Search chats' depth=1
ok   catalog-guest-book               top='Sign in to continue' depth=3
ok   catalog-deeplink                 top='Service details' depth=1
ok   catalog-campaign                 top='Hello, Malaysia' depth=1
ok   catalog-all-services             top='All services' depth=1
ok   catalog-saved                    top='Saved' depth=1
ok   catalog-stat-follows             top='Following' depth=1
ok   catalog-coupon                   top='Payment successful' depth=3
ok   catalog-topup                    top='Review order' depth=3
ok   catalog-visa-enquiry             top='Question sent' depth=2
ok   catalog-reorder                  top='Booking details' depth=2
ok   catalog-group-join-leave         top='-' depth=0
ok   catalog-create-group             top='Test crew' depth=1
ok   catalog-block-person             top='-' depth=0
ok   catalog-guest-follow             top='Sign in to continue' depth=1
ok   catalog-live-private             untranslated=22 top='-' depth=0
ok   catalog-picker-back              top='-' depth=0
ok   catalog-auth-back                top='Review order' depth=4
ok   chat-friend                      top='ManMan' depth=1
ok   chat-back                        top='-' depth=0
ok   chat-plus-panel                  top='ManMan' depth=1
ok   chat-emoji-panel                 top='ManMan' depth=1
ok   chat-send-reply                  untranslated=1 top='ManMan' depth=1
ok   chat-message-menu                untranslated=1 top='Message' depth=2
ok   chat-quote-reply                 untranslated=3 top='ManMan' depth=1
ok   chat-recall                      untranslated=3 top='ManMan' depth=1
ok   chat-delete-undo                 untranslated=3 top='ManMan' depth=1
ok   chat-forward                     untranslated=3 top='ManMan' depth=1
FAIL chat-search                      untranslated=3 top='ManMan' depth=1
      expect failed: search highlights matches -> False
ok   chat-voice-call                  top='ManMan' depth=2
ok   chat-call-end                    untranslated=3 top='ManMan' depth=1
ok   chat-video-call                  top='ManMan' depth=2
ok   chat-redpacket                   top='Send a red packet' depth=2
ok   chat-redpacket-send              untranslated=3 top='ManMan' depth=1
ok   chat-redpacket-detail            untranslated=1 top='Transfer details' depth=2
ok   chat-money-back                  untranslated=3 top='ManMan' depth=1
ok   chat-group                       top='KL · Weekend Hangouts' depth=1
ok   chat-group-redpacket             top='KL · Weekend Hangouts' depth=1
ok   chat-location                    untranslated=1 top='ManMan' depth=1
ok   chat-card                        untranslated=1 top='ManMan' depth=1
ok   chat-image                       untranslated=1 top='ManMan' depth=1
ok   chat-file                        top='File' depth=2
ok   chat-voice                       top='ManMan' depth=1
ok   chat-support                     untranslated=1 top='Shizhong Assistant' depth=1
ok   chat-merchant                    top='Anxin Home Care' depth=1
ok   chat-unread-reply                top='-' depth=0
ok   chat-guest                       top='Sign in to continue' depth=2
ok   chat-expiry-refund               top='Kelsey' depth=1
ok   chat-clear                       top='Alex' depth=1
ok   chat-legacy-media                top='File' depth=2
ok   chat-hold-to-talk                top='ManMan' depth=1
ok   chat-longpress                   top='ManMan' depth=1
ok   flows-settings                   untranslated=1 top='Settings' depth=1
ok   flows-settings-scrolled          top='Settings' depth=1
ok   flows-settings-back              untranslated=6 top='-' depth=0
ok   flows-settings-guest             top='Settings' depth=1
ok   flows-theme-dark                 top='Settings' depth=1
ok   flows-password-demo              top='Change password' depth=2
ok   flows-language                   untranslated=1 top='Language & region' depth=1
ok   flows-export                     top='Export my data' depth=1
ok   flows-block-unblock              top='Blocked people' depth=1
ok   flows-wallet                     top='Wallet' depth=1
ok   flows-recharge                   top='Wallet' depth=1
ok   flows-recharge-guest             top='Sign in to continue' depth=1
ok   flows-checkin                    top='Daily check-in' depth=1
ok   flows-checkin-reload             top='Daily check-in' depth=1
ok   flows-tasks                      top='Tasks' depth=1
ok   flows-coupons                    top='Coupons' depth=1
ok   flows-addresses                  top='Saved addresses' depth=1
ok   flows-address-delete-undo        top='Saved addresses' depth=1
ok   flows-form-dirty-guard           untranslated=1 top='Add address' depth=2
ok   flows-notifications              top='Notifications' depth=1
ok   flows-notice-push                top='-' depth=0
ok   flows-edit-profile               untranslated=5 top='-' depth=0
ok   flows-compose                    top='-' depth=0
ok   flows-greet                      top='ManMan' depth=1
ok   flows-friends                    top='New friends' depth=1
ok   flows-add-friend                 top='-' depth=0
ok   flows-invite                     top='Invite friends' depth=1
ok   flows-merchant                   top='Application sent' depth=1
ok   flows-feedback                   top='Thanks for your feedback' depth=1
ok   flows-after-sales                top='Order help' depth=1
ok   flows-report                     top='Report received' depth=1
ok   flows-leave-group                top='-' depth=0
ok   flows-help                       top='Help & feedback' depth=1
ok   flows-privacy                    top='Privacy policy' depth=1
ok   flows-about                      top='About Shizhong' depth=1
ok   flows-licences                   top='Licences & credits' depth=2
ok   flows-membership                 top='Shizhong PLUS' depth=1
ok   flows-clear-media-confirm        top='Clear chat attachments?' depth=2
ok   flows-compose-photo              top='-' depth=0
ok   flows-avatar-upload              untranslated=5 top='-' depth=0
ok   gifts-me-hero                    untranslated=5 top='-' depth=0
ok   gifts-me-menu                    untranslated=5 top='-' depth=0
ok   gifts-me-guest                   untranslated=5 top='-' depth=0
ok   gifts-shop                       top='Gift shop' depth=1
ok   gifts-shop-oriental              top='Gift shop' depth=1
ok   gifts-shop-back                  untranslated=5 top='-' depth=0
ok   gifts-detail                     top='Gift details' depth=2
ok   gifts-detail-tryon               top='Gift details' depth=1
ok   gifts-buy                        top='Gift details' depth=1
ok   gifts-topup                      top='Gift details' depth=1
ok   gifts-collection                 top='My collection' depth=1
ok   gifts-collection-purchases       top='My collection' depth=1
ok   gifts-studio                     untranslated=1 top='Decorate profile' depth=1
ok   gifts-studio-edit                untranslated=1 top='Decorate profile' depth=1
ok   gifts-studio-save                untranslated=5 top='-' depth=0
ok   gifts-studio-discard             untranslated=5 top='-' depth=0
ok   gifts-studio-upload              untranslated=5 top='-' depth=0
ok   gifts-migrate-cover              untranslated=5 top='-' depth=0
ok   gifts-studio-roundtrip           top='Decorate profile' depth=1
ok   gifts-studio-charm-tryon         top='Decorate profile' depth=1
ok   gifts-picker                     top='-' depth=0
ok   gifts-picker-back                top='Send a gift' depth=1
ok   gifts-bubbles                    top='QA' depth=1
ok   gifts-wallpaper                  top='Chat wallpaper' depth=1
ok   gifts-qr-card                    untranslated=2 top='My QR code' depth=1
ok   gifts-qr-image                   untranslated=2 top='My QR code' depth=1
ok   gifts-qr-public                  top='Profile card' depth=1
ok   gifts-friend-profile             top='Profile' depth=1
ok   gifts-effect                     untranslated=5 top='-' depth=0
ok   live-room                        top='-' depth=0
ok   live-gift-panel                  top='-' depth=0
FAIL live-room-back                   top='-' depth=0
      step 2 crashed: Runtime.evaluate: {'code': -32000, 'message': 'Inspected target navigated or closed'}
ok   live-start                       top='Go live' depth=1
FAIL private-lobby                    top='-' depth=0
      step 0 target not found: {"click": ".top-tabs button, [role=tab]", "text": "一对一"}
FAIL private-room                     top='-' depth=0
      step 0 target not found: {"click": ".top-tabs button, [role=tab]", "text": "一对一"}
      step 1 target not found: {"click": "[data-action=oo-enter]"}
ok   regions-picker                   untranslated=29 top='选择国家与城市' depth=1
ok   shell-home                       top='-' depth=0
ok   shell-home-scrolled              top='-' depth=0
ok   shell-social                     top='-' depth=0
ok   shell-live                       top='-' depth=0
ok   shell-comms                      top='-' depth=0
ok   shell-nav-switch                 top='-' depth=0
ok   shell-tabs-keyboard              top='-' depth=0
ok   shell-me                         untranslated=5 top='-' depth=0
ok   shell-me-scrolled                top='-' depth=0
ok   shell-me-fallback-hero           untranslated=3 top='-' depth=0
ok   shell-me-orders                  untranslated=4 top='-' depth=0
ok   shell-me-settings-back           untranslated=5 top='-' depth=0
ok   shell-me-language-row            top='-' depth=0
ok   shell-guest-me                   untranslated=3 top='-' depth=0
ok   shell-guest-sign-in              top='Sign in to continue' depth=1
ok   shell-sheet-footer               top='-' depth=0
ok   shell-screen-stack               top='One' depth=1
ok   shell-desktop                    top='-' depth=0
ok   vip-center                       untranslated=23 top='VIP 荣誉中心' depth=1

205 scenarios, 4 failing. Report: E:\python\shizhongapp\.qa\en-390\report.json
